marketing-econometrics/data/synthetic_mmm_data.csv
date,tv_spend,digital_spend,print_spend,radio_spend,price,promotion,competitor_activity,sales,week,month,quarter,year,total_spend,sales_to_spend_ratio
2024-10-13,19625.896352563228,22338.726593093408,15597.697696818626,11063.71750022719,46.304638852160586,0,4636.153971337014,47714.76688711393,94,10,4,2024,68626.03814270245,0.6952866314079624
2024-10-20,19920.544216694947,23106.935318162214,18771.331191749377,8991.65673058739,47.66121554789026,0,3939.553680898921,48120.06400886888,95,10,4,2024,70790.46745719394,0.6797534433286014
2024-10-27,17326.667439124772,21059.150644653662,19022.321675673677,10865.896450075208,47.60539691512934,0,5710.686396165641,46373.63799981541,96,10,4,2024,68274.03620952732,0.6792280136697731
2024-11-03,23349.052154849745,25697.65158101214,18242.965627483387,11761.161837695783,47.690284471867095,0,4048.583487506207,52000.721646353,97,11,4,2024,79050.83120104104,0.657813723857064
2024-11-10,24099.41873851477,27007.675972279878,18953.77848723354,12860.404295464456,47.30296974188569,0,6192.564585864102,47618.78382471056,98,11,4,2024,82921.27749349264,0.5742649566445417
2024-11-17,24286.518307070626,29017.7513486458,21653.518347882113,13662.762017068286,47.921719891822676,0,5698.978208675925,49356.66393841746,99,11,4,2024,88620.55002066682,0.5569437780165797
2024-11-24,24607.508649031523,29538.584037292825,18233.185206300644,11405.350449828456,49.5474259779526,1,5784.499270626597,47937.53118798488,100,11,4,2024,83784.62834245345,0.5721518628936265
2024-12-01,22174.95458170333,23933.01158696708,20763.007170387755,11270.466122562395,49.59098917954857,0,5786.104401072472,45020.70175159783,101,12,4,2024,78141.43946162057,0.5761437473097728
2024-12-08,26322.133535957608,25376.597651678436,19447.502983204264,15942.081175599498,48.41393897887728,0,6466.455015902293,47817.659929672474,102,12,4,2024,87088.3153464398,0.5490709027893405
2024-12-15,27754.844897771374,29217.57183798371,19527.471533965097,14945.235514941465,49.79451244231144,0,6435.586168619451,44068.079949989806,103,12,4,2024,91445.12378466164,0.48190737926893673
2024-12-22,27593.16819233514,29284.464877280523,22197.55370397438,13705.69731991136,50.75138712337179,1,7169.684929758155,53971.1888430858,104,12,4,2024,92780.8840935014,0.5817059124883471
